=== Phase 3 run 18/09/2026 17:28:31.45 === 
--- pytest 
.............s.....                                                      [100%]
18 passed, 1 skipped in 2.42s
--- ingest --quick (refresh live season) 
2026-09-18 17:28:36,865 INFO pipeline.ingest.load: bootstrap ok: season=2026/27 current_gw=4 next_gw=5 | teams=0 players=0 fixtures=0 player_gw_stats=0 user_squad=0 entry_state=0 understat=0 free_transfers_now=None
INGEST OK: season=2026/27 current_gw=4 next_gw=5 | teams=20 players=659 fixtures=380 player_gw_stats=0 user_squad=60 entry_state=4 understat=0 free_transfers_now=2
teams                    100
players                  659
fixtures                 1900
player_gw_stats          116131
user_squad               60
user_entry_state         4
understat_player_match   0
predictions              1475
recommendations          0
model_runs               2
--- train (all positions, held-out 2025/26) 
training frame: 108870 rows, 96 features, seasons=['2022/23', '2023/24', '2024/25', '2025/26', '2026/27'], valid=2025/26

== GKP (validated on 2025/26) ==
  MAE 0.626  (baselines: last-5 mean 0.616, season ppg 0.640, zero 0.755)
  MAE regular starters 2.054 vs last-5 baseline 2.340
  actual points of the model's top-10 each GW: 3.40 vs 3.31 for the last-5 baseline
  spearman 0.668  best_iteration 88  form-feature gain share 81%
  top features: minutes_ewm=0.418, points_l3=0.185, played_ewm=0.082, n_fixtures=0.021, bps_l3=0.015, minutes_l3=0.013, ict_index_l3=0.011, strength_diff=0.010, xgc_l10=0.009, ict_index_l10=0.009, goals_conceded_ewm=0.009, saves_ewm=0.009

== DEF (validated on 2025/26) ==
  MAE 1.096  (baselines: last-5 mean 1.234, season ppg 1.242, zero 1.269)
  MAE regular starters 2.261 vs last-5 baseline 2.715
  actual points of the model's top-10 each GW: 4.38 vs 3.61 for the last-5 baseline
  spearman 0.670  best_iteration 143  form-feature gain share 67%
  top features: minutes_ewm=0.244, bps_ewm=0.120, played_ewm=0.095, n_fixtures=0.037, strength_diff=0.037, ict_index_ewm=0.030, fdr=0.026, minutes_l3=0.022, bps_l3=0.021, days_since_last_match=0.018, opp_defence=0.014, xgc_l10=0.012

== MID (validated on 2025/26) ==
  MAE 0.957  (baselines: last-5 mean 1.028, season ppg 1.042, zero 1.191)
  MAE regular starters 2.130 vs last-5 baseline 2.492
  actual points of the model's top-10 each GW: 4.49 vs 3.86 for the last-5 baseline
  spearman 0.741  best_iteration 126  form-feature gain share 80%
  top features: ict_index_ewm=0.345, minutes_ewm=0.165, played_ewm=0.053, minutes_l3=0.051, n_fixtures=0.037, points_ewm=0.036, ict_index_l10=0.026, price=0.025, points_season_ppg=0.016, ict_index_l3=0.013, strength_diff=0.011, fdr=0.009

== FWD (validated on 2025/26) ==
  MAE 1.102  (baselines: last-5 mean 1.116, season ppg 1.124, zero 1.296)
  MAE regular starters 2.513 vs last-5 baseline 2.783
  actual points of the model's top-10 each GW: 4.15 vs 3.70 for the last-5 baseline
  spearman 0.785  best_iteration 85  form-feature gain share 78%
  top features: minutes_ewm=0.309, minutes_l3=0.088, ict_index_ewm=0.080, points_ewm=0.049, played_ewm=0.048, ict_index_l3=0.031, n_fixtures=0.031, price=0.027, clean_sheet_ewm=0.016, bps_ewm=0.016, opp_attack=0.013, strength_diff=0.013
--- train errorlevel 0 
--- backtest 2025/26 realistic 
2026-09-18 17:29:00,313 INFO pipeline.backtest: backtest 2025/26 GW2: refit on 78483 rows
2026-09-18 17:29:01,661 INFO pipeline.backtest: backtest 2025/26 realistic/model GW2: 17 pts (cap 2, 0 transfers, 0 hits, bank 0.0)
2026-09-18 17:29:03,086 INFO pipeline.backtest: backtest 2025/26 realistic/model GW3: 79 pts (cap 10, 1 transfers, 0 hits, bank 1.0)
2026-09-18 17:29:04,574 INFO pipeline.backtest: backtest 2025/26 realistic/model GW4: 54 pts (cap 13, 1 transfers, 0 hits, bank 0.0)
2026-09-18 17:29:06,091 INFO pipeline.backtest: backtest 2025/26 realistic/model GW5: 61 pts (cap 10, 1 transfers, 0 hits, bank 0.8)
2026-09-18 17:29:09,023 INFO pipeline.backtest: backtest 2025/26 GW6: refit on 81330 rows
2026-09-18 17:29:10,558 INFO pipeline.backtest: backtest 2025/26 realistic/model GW6: 71 pts (cap 16, 1 transfers, 0 hits, bank 0.2)
2026-09-18 17:29:12,151 INFO pipeline.backtest: backtest 2025/26 realistic/model GW7: 55 pts (cap 8, 1 transfers, 0 hits, bank 0.7)
2026-09-18 17:29:13,585 INFO pipeline.backtest: backtest 2025/26 realistic/model GW8: 69 pts (cap 13, 1 transfers, 0 hits, bank 0.0)
2026-09-18 17:29:15,213 INFO pipeline.backtest: backtest 2025/26 realistic/model GW9: 49 pts (cap 3, 1 transfers, 0 hits, bank 0.4)
2026-09-18 17:29:18,195 INFO pipeline.backtest: backtest 2025/26 GW10: refit on 84301 rows
2026-09-18 17:29:19,823 INFO pipeline.backtest: backtest 2025/26 realistic/model GW10: 62 pts (cap 13, 1 transfers, 0 hits, bank 0.2)
2026-09-18 17:29:21,503 INFO pipeline.backtest: backtest 2025/26 realistic/model GW11: 33 pts (cap 4, 1 transfers, 0 hits, bank 0.2)
2026-09-18 17:29:23,134 INFO pipeline.backtest: backtest 2025/26 realistic/model GW12: 46 pts (cap 2, 1 transfers, 0 hits, bank 1.1)
2026-09-18 17:29:24,855 INFO pipeline.backtest: backtest 2025/26 realistic/model GW13: 33 pts (cap 2, 1 transfers, 0 hits, bank 0.7)
2026-09-18 17:29:27,948 INFO pipeline.backtest: backtest 2025/26 GW14: refit on 87301 rows
2026-09-18 17:29:29,618 INFO pipeline.backtest: backtest 2025/26 realistic/model GW14: 50 pts (cap 4, 1 transfers, 0 hits, bank 0.1)
2026-09-18 17:29:31,321 INFO pipeline.backtest: backtest 2025/26 realistic/model GW15: 78 pts (cap 18, 1 transfers, 0 hits, bank 0.7)
2026-09-18 17:29:33,117 INFO pipeline.backtest: backtest 2025/26 realistic/model GW16: 74 pts (cap 13, 1 transfers, 0 hits, bank 0.9)
2026-09-18 17:29:35,105 INFO pipeline.backtest: backtest 2025/26 realistic/model GW17: 67 pts (cap 10, 1 transfers, 0 hits, bank 0.0)
2026-09-18 17:29:38,013 INFO pipeline.backtest: backtest 2025/26 GW18: refit on 90333 rows
2026-09-18 17:29:39,798 INFO pipeline.backtest: backtest 2025/26 realistic/model GW18: 36 pts (cap 2, 1 transfers, 0 hits, bank 1.1)
2026-09-18 17:29:41,741 INFO pipeline.backtest: backtest 2025/26 realistic/model GW19: 43 pts (cap 2, 2 transfers, 1 hits, bank 1.9)
2026-09-18 17:29:43,551 INFO pipeline.backtest: backtest 2025/26 realistic/model GW20: 36 pts (cap 2, 1 transfers, 0 hits, bank 1.4)
2026-09-18 17:29:45,403 INFO pipeline.backtest: backtest 2025/26 realistic/model GW21: 62 pts (cap 6, 1 transfers, 0 hits, bank 0.7)
2026-09-18 17:29:48,104 INFO pipeline.backtest: backtest 2025/26 GW22: refit on 93448 rows
2026-09-18 17:29:49,931 INFO pipeline.backtest: backtest 2025/26 realistic/model GW22: 32 pts (cap 3, 1 transfers, 0 hits, bank 0.5)
2026-09-18 17:29:51,782 INFO pipeline.backtest: backtest 2025/26 realistic/model GW23: 39 pts (cap 1, 1 transfers, 0 hits, bank 0.2)
2026-09-18 17:29:53,698 INFO pipeline.backtest: backtest 2025/26 realistic/model GW24: 58 pts (cap 3, 1 transfers, 0 hits, bank 0.6)
2026-09-18 17:29:55,605 INFO pipeline.backtest: backtest 2025/26 realistic/model GW25: 66 pts (cap 4, 1 transfers, 0 hits, bank 0.1)
2026-09-18 17:29:58,251 INFO pipeline.backtest: backtest 2025/26 GW26: refit on 96656 rows
2026-09-18 17:30:00,145 INFO pipeline.backtest: backtest 2025/26 realistic/model GW26: 73 pts (cap 14, 1 transfers, 0 hits, bank 1.9)
2026-09-18 17:30:02,018 INFO pipeline.backtest: backtest 2025/26 realistic/model GW27: 63 pts (cap 4, 1 transfers, 0 hits, bank 1.1)
2026-09-18 17:30:03,842 INFO pipeline.backtest: backtest 2025/26 realistic/model GW28: 48 pts (cap 2, 1 transfers, 0 hits, bank 1.2)
2026-09-18 17:30:05,660 INFO pipeline.backtest: backtest 2025/26 realistic/model GW29: 42 pts (cap 4, 1 transfers, 0 hits, bank 2.2)
2026-09-18 17:30:08,256 INFO pipeline.backtest: backtest 2025/26 GW30: refit on 99927 rows
2026-09-18 17:30:10,231 INFO pipeline.backtest: backtest 2025/26 realistic/model GW30: 43 pts (cap 2, 1 transfers, 0 hits, bank 2.6)
2026-09-18 17:30:12,098 INFO pipeline.backtest: backtest 2025/26 realistic/model GW31: 37 pts (cap 6, 1 transfers, 0 hits, bank 0.2)
2026-09-18 17:30:14,102 INFO pipeline.backtest: backtest 2025/26 realistic/model GW32: 52 pts (cap 4, 1 transfers, 0 hits, bank 1.3)
2026-09-18 17:30:16,358 INFO pipeline.backtest: backtest 2025/26 realistic/model GW33: 78 pts (cap 13, 1 transfers, 0 hits, bank 1.5)
2026-09-18 17:30:19,068 INFO pipeline.backtest: backtest 2025/26 GW34: refit on 103059 rows
2026-09-18 17:30:20,938 INFO pipeline.backtest: backtest 2025/26 realistic/model GW34: 30 pts (cap 5, 3 transfers, 2 hits, bank 6.7)
2026-09-18 17:30:22,803 INFO pipeline.backtest: backtest 2025/26 realistic/model GW35: 47 pts (cap 5, 1 transfers, 0 hits, bank 6.5)
2026-09-18 17:30:24,682 INFO pipeline.backtest: backtest 2025/26 realistic/model GW36: 58 pts (cap 6, 1 transfers, 0 hits, bank 5.6)
2026-09-18 17:30:26,762 INFO pipeline.backtest: backtest 2025/26 realistic/model GW37: 61 pts (cap 9, 1 transfers, 0 hits, bank 4.2)
2026-09-18 17:30:29,503 INFO pipeline.backtest: backtest 2025/26 GW38: refit on 106140 rows
2026-09-18 17:30:31,612 INFO pipeline.backtest: backtest 2025/26 realistic/model GW38: 68 pts (cap 14, 1 transfers, 0 hits, bank 1.3)
2026-09-18 17:30:38,825 INFO pipeline.backtest: backtest 2025/26 realistic/naive_last5 GW2: 43 pts (cap 1, 0 transfers, 0 hits, bank 6.0)
2026-09-18 17:30:38,989 INFO pipeline.backtest: backtest 2025/26 realistic/naive_last5 GW3: 34 pts (cap 2, 1 transfers, 0 hits, bank 5.5)
2026-09-18 17:30:39,137 INFO pipeline.backtest: backtest 2025/26 realistic/naive_last5 GW4: 65 pts (cap 5, 2 transfers, 1 hits, bank 4.1)
2026-09-18 17:30:39,299 INFO pipeline.backtest: backtest 2025/26 realistic/naive_last5 GW5: 55 pts (cap 9, 1 transfers, 0 hits, bank 4.8)
2026-09-18 17:30:39,582 INFO pipeline.backtest: backtest 2025/26 realistic/naive_last5 GW6: 72 pts (cap 16, 1 transfers, 0 hits, bank 5.1)
2026-09-18 17:30:39,748 INFO pipeline.backtest: backtest 2025/26 realistic/naive_last5 GW7: 69 pts (cap 8, 1 transfers, 0 hits, bank 5.6)
2026-09-18 17:30:39,913 INFO pipeline.backtest: backtest 2025/26 realistic/naive_last5 GW8: 67 pts (cap 13, 1 transfers, 0 hits, bank 6.5)
2026-09-18 17:30:40,080 INFO pipeline.backtest: backtest 2025/26 realistic/naive_last5 GW9: 42 pts (cap 2, 2 transfers, 1 hits, bank 6.3)
2026-09-18 17:30:40,248 INFO pipeline.backtest: backtest 2025/26 realistic/naive_last5 GW10: 70 pts (cap 13, 1 transfers, 0 hits, bank 5.0)
2026-09-18 17:30:40,410 INFO pipeline.backtest: backtest 2025/26 realistic/naive_last5 GW11: 30 pts (cap 1, 1 transfers, 0 hits, bank 5.1)
2026-09-18 17:30:40,574 INFO pipeline.backtest: backtest 2025/26 realistic/naive_last5 GW12: 39 pts (cap 2, 2 transfers, 1 hits, bank 4.2)
2026-09-18 17:30:40,736 INFO pipeline.backtest: backtest 2025/26 realistic/naive_last5 GW13: 20 pts (cap 2, 3 transfers, 2 hits, bank 5.1)
2026-09-18 17:30:40,939 INFO pipeline.backtest: backtest 2025/26 realistic/naive_last5 GW14: 93 pts (cap 8, 1 transfers, 0 hits, bank 4.3)
2026-09-18 17:30:41,117 INFO pipeline.backtest: backtest 2025/26 realistic/naive_last5 GW15: 57 pts (cap 12, 2 transfers, 1 hits, bank 6.7)
2026-09-18 17:30:41,280 INFO pipeline.backtest: backtest 2025/26 realistic/naive_last5 GW16: 54 pts (cap 11, 1 transfers, 0 hits, bank 8.6)
2026-09-18 17:30:41,442 INFO pipeline.backtest: backtest 2025/26 realistic/naive_last5 GW17: 48 pts (cap 3, 2 transfers, 1 hits, bank 4.5)
2026-09-18 17:30:41,694 INFO pipeline.backtest: backtest 2025/26 realistic/naive_last5 GW18: 30 pts (cap 2, 3 transfers, 2 hits, bank 6.8)
2026-09-18 17:30:41,855 INFO pipeline.backtest: backtest 2025/26 realistic/naive_last5 GW19: 28 pts (cap 2, 1 transfers, 0 hits, bank 4.5)
2026-09-18 17:30:42,019 INFO pipeline.backtest: backtest 2025/26 realistic/naive_last5 GW20: 34 pts (cap 2, 2 transfers, 1 hits, bank 2.4)
2026-09-18 17:30:42,191 INFO pipeline.backtest: backtest 2025/26 realistic/naive_last5 GW21: 64 pts (cap 3, 2 transfers, 1 hits, bank 3.7)
2026-09-18 17:30:42,360 INFO pipeline.backtest: backtest 2025/26 realistic/naive_last5 GW22: 33 pts (cap 1, 1 transfers, 0 hits, bank 5.7)
2026-09-18 17:30:42,531 INFO pipeline.backtest: backtest 2025/26 realistic/naive_last5 GW23: 34 pts (cap 8, 3 transfers, 2 hits, bank 7.2)
2026-09-18 17:30:42,697 INFO pipeline.backtest: backtest 2025/26 realistic/naive_last5 GW24: 56 pts (cap 8, 1 transfers, 0 hits, bank 7.7)
2026-09-18 17:30:42,867 INFO pipeline.backtest: backtest 2025/26 realistic/naive_last5 GW25: 60 pts (cap 2, 1 transfers, 0 hits, bank 7.6)
2026-09-18 17:30:43,183 INFO pipeline.backtest: backtest 2025/26 realistic/naive_last5 GW26: 34 pts (cap 1, 1 transfers, 0 hits, bank 6.6)
2026-09-18 17:30:43,355 INFO pipeline.backtest: backtest 2025/26 realistic/naive_last5 GW27: 36 pts (cap 7, 2 transfers, 1 hits, bank 5.3)
2026-09-18 17:30:43,525 INFO pipeline.backtest: backtest 2025/26 realistic/naive_last5 GW28: 49 pts (cap 2, 2 transfers, 1 hits, bank 3.9)
2026-09-18 17:30:43,761 INFO pipeline.backtest: backtest 2025/26 realistic/naive_last5 GW29: 73 pts (cap 1, 1 transfers, 0 hits, bank 2.4)
2026-09-18 17:30:43,993 INFO pipeline.backtest: backtest 2025/26 realistic/naive_last5 GW30: 45 pts (cap 2, 2 transfers, 1 hits, bank 0.1)
2026-09-18 17:30:44,157 INFO pipeline.backtest: backtest 2025/26 realistic/naive_last5 GW31: 33 pts (cap 2, 3 transfers, 2 hits, bank 4.6)
2026-09-18 17:30:44,333 INFO pipeline.backtest: backtest 2025/26 realistic/naive_last5 GW32: 54 pts (cap 4, 1 transfers, 0 hits, bank 1.9)
2026-09-18 17:30:44,501 INFO pipeline.backtest: backtest 2025/26 realistic/naive_last5 GW33: 87 pts (cap 13, 3 transfers, 2 hits, bank 3.7)
2026-09-18 17:30:44,646 INFO pipeline.backtest: backtest 2025/26 realistic/naive_last5 GW34: 38 pts (cap 4, 3 transfers, 2 hits, bank 6.6)
2026-09-18 17:30:44,818 INFO pipeline.backtest: backtest 2025/26 realistic/naive_last5 GW35: 33 pts (cap 4, 1 transfers, 0 hits, bank 13.4)
2026-09-18 17:30:44,991 INFO pipeline.backtest: backtest 2025/26 realistic/naive_last5 GW36: 57 pts (cap 5, 3 transfers, 2 hits, bank 20.3)
2026-09-18 17:30:45,203 INFO pipeline.backtest: backtest 2025/26 realistic/naive_last5 GW37: 38 pts (cap 2, 1 transfers, 0 hits, bank 19.6)
2026-09-18 17:30:45,376 INFO pipeline.backtest: backtest 2025/26 realistic/naive_last5 GW38: 66 pts (cap 1, 2 transfers, 1 hits, bank 17.8)

BACKTEST 2025/26 mode=realistic strategy=model: 1970 pts over GW2-38 (53.24/gw), captain 252, 39 transfers, 3 hits, 262 left on bench

BACKTEST 2025/26 mode=realistic strategy=naive_last5: 1840 pts over GW2-38 (49.73/gw), captain 184, 61 transfers, 25 hits, 315 left on bench
Your real 2025/26: 2256 pts (rank 413,111) over all 38 GWs
--- backtest errorlevel 0 
--- backtest 2024/25 realistic 
2026-09-18 17:30:56,585 INFO pipeline.backtest: backtest 2024/25 GW2: refit on 52056 rows
2026-09-18 17:30:58,253 INFO pipeline.backtest: backtest 2024/25 realistic/model GW2: 67 pts (cap 6, 0 transfers, 0 hits, bank 0.0)
2026-09-18 17:30:59,878 INFO pipeline.backtest: backtest 2024/25 realistic/model GW3: 77 pts (cap 17, 1 transfers, 0 hits, bank 0.0)
2026-09-18 17:31:01,762 INFO pipeline.backtest: backtest 2024/25 realistic/model GW4: 50 pts (cap 1, 2 transfers, 1 hits, bank 0.5)
2026-09-18 17:31:03,448 INFO pipeline.backtest: backtest 2024/25 realistic/model GW5: 52 pts (cap -1, 1 transfers, 0 hits, bank 1.6)
2026-09-18 17:31:05,567 INFO pipeline.backtest: backtest 2024/25 GW6: refit on 54606 rows
2026-09-18 17:31:07,335 INFO pipeline.backtest: backtest 2024/25 realistic/model GW6: 40 pts (cap 2, 1 transfers, 0 hits, bank 1.4)
2026-09-18 17:31:09,356 INFO pipeline.backtest: backtest 2024/25 realistic/model GW7: 45 pts (cap 2, 1 transfers, 0 hits, bank 0.2)
2026-09-18 17:31:11,155 INFO pipeline.backtest: backtest 2024/25 realistic/model GW8: 23 pts (cap 2, 1 transfers, 0 hits, bank 2.5)
2026-09-18 17:31:12,960 INFO pipeline.backtest: backtest 2024/25 realistic/model GW9: 48 pts (cap 2, 1 transfers, 0 hits, bank 4.1)
2026-09-18 17:31:15,081 INFO pipeline.backtest: backtest 2024/25 GW10: refit on 57264 rows
2026-09-18 17:31:16,962 INFO pipeline.backtest: backtest 2024/25 realistic/model GW10: 53 pts (cap 3, 1 transfers, 0 hits, bank 1.1)
2026-09-18 17:31:18,696 INFO pipeline.backtest: backtest 2024/25 realistic/model GW11: 35 pts (cap 5, 1 transfers, 0 hits, bank 0.7)
2026-09-18 17:31:20,544 INFO pipeline.backtest: backtest 2024/25 realistic/model GW12: 43 pts (cap 2, 1 transfers, 0 hits, bank 2.0)
2026-09-18 17:31:22,554 INFO pipeline.backtest: backtest 2024/25 realistic/model GW13: 68 pts (cap 14, 1 transfers, 0 hits, bank 1.0)
2026-09-18 17:31:24,753 INFO pipeline.backtest: backtest 2024/25 GW14: refit on 59970 rows
2026-09-18 17:31:26,617 INFO pipeline.backtest: backtest 2024/25 realistic/model GW14: 60 pts (cap 7, 1 transfers, 0 hits, bank 0.7)
2026-09-18 17:31:28,426 INFO pipeline.backtest: backtest 2024/25 realistic/model GW15: 90 pts (cap 18, 1 transfers, 0 hits, bank 0.6)
2026-09-18 17:31:30,342 INFO pipeline.backtest: backtest 2024/25 realistic/model GW16: 48 pts (cap 3, 1 transfers, 0 hits, bank 0.4)
2026-09-18 17:31:32,260 INFO pipeline.backtest: backtest 2024/25 realistic/model GW17: 31 pts (cap 2, 1 transfers, 0 hits, bank 0.0)
2026-09-18 17:31:34,430 INFO pipeline.backtest: backtest 2024/25 GW18: refit on 62684 rows
2026-09-18 17:31:36,316 INFO pipeline.backtest: backtest 2024/25 realistic/model GW18: 54 pts (cap 10, 1 transfers, 0 hits, bank 0.2)
2026-09-18 17:31:38,295 INFO pipeline.backtest: backtest 2024/25 realistic/model GW19: 72 pts (cap 8, 1 transfers, 0 hits, bank 0.0)
2026-09-18 17:31:40,309 INFO pipeline.backtest: backtest 2024/25 realistic/model GW20: 84 pts (cap 13, 1 transfers, 0 hits, bank 0.6)
2026-09-18 17:31:42,237 INFO pipeline.backtest: backtest 2024/25 realistic/model GW21: 69 pts (cap 6, 1 transfers, 0 hits, bank 0.1)
2026-09-18 17:31:44,392 INFO pipeline.backtest: backtest 2024/25 GW22: refit on 65510 rows
2026-09-18 17:31:46,293 INFO pipeline.backtest: backtest 2024/25 realistic/model GW22: 63 pts (cap 3, 2 transfers, 1 hits, bank 0.4)
2026-09-18 17:31:48,505 INFO pipeline.backtest: backtest 2024/25 realistic/model GW23: 61 pts (cap 8, 1 transfers, 0 hits, bank 0.3)
2026-09-18 17:31:50,609 INFO pipeline.backtest: backtest 2024/25 realistic/model GW24: 96 pts (cap 6, 1 transfers, 0 hits, bank 0.9)
2026-09-18 17:31:52,610 INFO pipeline.backtest: backtest 2024/25 realistic/model GW25: 74 pts (cap 20, 1 transfers, 0 hits, bank 0.5)
2026-09-18 17:31:54,877 INFO pipeline.backtest: backtest 2024/25 GW26: refit on 68481 rows
2026-09-18 17:31:56,793 INFO pipeline.backtest: backtest 2024/25 realistic/model GW26: 84 pts (cap 14, 1 transfers, 0 hits, bank 1.3)
2026-09-18 17:31:58,777 INFO pipeline.backtest: backtest 2024/25 realistic/model GW27: 47 pts (cap 3, 1 transfers, 0 hits, bank 1.3)
2026-09-18 17:32:00,932 INFO pipeline.backtest: backtest 2024/25 realistic/model GW28: 56 pts (cap 15, 1 transfers, 0 hits, bank 1.7)
2026-09-18 17:32:03,084 INFO pipeline.backtest: backtest 2024/25 realistic/model GW29: 51 pts (cap 7, 3 transfers, 2 hits, bank 1.0)
2026-09-18 17:32:06,069 INFO pipeline.backtest: backtest 2024/25 GW30: refit on 71466 rows
2026-09-18 17:32:08,483 INFO pipeline.backtest: backtest 2024/25 realistic/model GW30: 28 pts (cap 3, 3 transfers, 2 hits, bank 0.1)
2026-09-18 17:32:10,605 INFO pipeline.backtest: backtest 2024/25 realistic/model GW31: 46 pts (cap 2, 1 transfers, 0 hits, bank 0.2)
2026-09-18 17:32:12,649 INFO pipeline.backtest: backtest 2024/25 realistic/model GW32: 68 pts (cap 6, 1 transfers, 0 hits, bank 5.5)
2026-09-18 17:32:14,605 INFO pipeline.backtest: backtest 2024/25 realistic/model GW33: 85 pts (cap 3, 1 transfers, 0 hits, bank 0.0)
2026-09-18 17:32:16,782 INFO pipeline.backtest: backtest 2024/25 GW34: refit on 74636 rows
2026-09-18 17:32:18,718 INFO pipeline.backtest: backtest 2024/25 realistic/model GW34: 42 pts (cap 6, 2 transfers, 1 hits, bank 1.5)
2026-09-18 17:32:20,832 INFO pipeline.backtest: backtest 2024/25 realistic/model GW35: 37 pts (cap 2, 1 transfers, 0 hits, bank 2.2)
2026-09-18 17:32:22,924 INFO pipeline.backtest: backtest 2024/25 realistic/model GW36: 55 pts (cap 2, 1 transfers, 0 hits, bank 0.6)
2026-09-18 17:32:24,979 INFO pipeline.backtest: backtest 2024/25 realistic/model GW37: 41 pts (cap 2, 1 transfers, 0 hits, bank 0.9)
2026-09-18 17:32:27,985 INFO pipeline.backtest: backtest 2024/25 GW38: refit on 77682 rows
2026-09-18 17:32:30,108 INFO pipeline.backtest: backtest 2024/25 realistic/model GW38: 58 pts (cap 10, 1 transfers, 0 hits, bank 1.1)
2026-09-18 17:32:37,614 INFO pipeline.backtest: backtest 2024/25 realistic/naive_last5 GW2: 60 pts (cap 10, 0 transfers, 0 hits, bank 3.5)
2026-09-18 17:32:37,802 INFO pipeline.backtest: backtest 2024/25 realistic/naive_last5 GW3: 71 pts (cap 17, 1 transfers, 0 hits, bank 3.5)
2026-09-18 17:32:38,018 INFO pipeline.backtest: backtest 2024/25 realistic/naive_last5 GW4: 44 pts (cap 2, 1 transfers, 0 hits, bank 2.0)
2026-09-18 17:32:38,253 INFO pipeline.backtest: backtest 2024/25 realistic/naive_last5 GW5: 72 pts (cap 6, 1 transfers, 0 hits, bank 0.4)
2026-09-18 17:32:38,448 INFO pipeline.backtest: backtest 2024/25 realistic/naive_last5 GW6: 38 pts (cap 2, 1 transfers, 0 hits, bank 1.4)
2026-09-18 17:32:38,652 INFO pipeline.backtest: backtest 2024/25 realistic/naive_last5 GW7: 55 pts (cap 6, 2 transfers, 1 hits, bank 0.6)
2026-09-18 17:32:38,858 INFO pipeline.backtest: backtest 2024/25 realistic/naive_last5 GW8: 41 pts (cap 2, 1 transfers, 0 hits, bank 0.9)
2026-09-18 17:32:39,006 INFO pipeline.backtest: backtest 2024/25 realistic/naive_last5 GW9: 64 pts (cap 10, 1 transfers, 0 hits, bank 0.1)
2026-09-18 17:32:39,197 INFO pipeline.backtest: backtest 2024/25 realistic/naive_last5 GW10: 39 pts (cap 3, 1 transfers, 0 hits, bank 0.1)
2026-09-18 17:32:39,400 INFO pipeline.backtest: backtest 2024/25 realistic/naive_last5 GW11: 39 pts (cap 2, 2 transfers, 1 hits, bank 0.7)
2026-09-18 17:32:39,592 INFO pipeline.backtest: backtest 2024/25 realistic/naive_last5 GW12: 77 pts (cap 13, 3 transfers, 2 hits, bank 1.2)
2026-09-18 17:32:39,737 INFO pipeline.backtest: backtest 2024/25 realistic/naive_last5 GW13: 65 pts (cap 13, 1 transfers, 0 hits, bank 3.5)
2026-09-18 17:32:39,988 INFO pipeline.backtest: backtest 2024/25 realistic/naive_last5 GW14: 74 pts (cap 18, 1 transfers, 0 hits, bank 3.2)
2026-09-18 17:32:40,145 INFO pipeline.backtest: backtest 2024/25 realistic/naive_last5 GW15: 61 pts (cap 9, 3 transfers, 2 hits, bank 3.3)
2026-09-18 17:32:40,358 INFO pipeline.backtest: backtest 2024/25 realistic/naive_last5 GW16: 66 pts (cap 5, 3 transfers, 2 hits, bank 0.1)
2026-09-18 17:32:40,703 INFO pipeline.backtest: backtest 2024/25 realistic/naive_last5 GW17: 98 pts (cap 21, 1 transfers, 0 hits, bank 0.4)
2026-09-18 17:32:40,859 INFO pipeline.backtest: backtest 2024/25 realistic/naive_last5 GW18: 76 pts (cap 9, 1 transfers, 0 hits, bank 1.7)
2026-09-18 17:32:41,014 INFO pipeline.backtest: backtest 2024/25 realistic/naive_last5 GW19: 48 pts (cap 16, 2 transfers, 1 hits, bank 5.9)
2026-09-18 17:32:41,163 INFO pipeline.backtest: backtest 2024/25 realistic/naive_last5 GW20: 63 pts (cap 7, 1 transfers, 0 hits, bank 8.0)
2026-09-18 17:32:41,321 INFO pipeline.backtest: backtest 2024/25 realistic/naive_last5 GW21: 40 pts (cap 2, 3 transfers, 2 hits, bank 5.3)
2026-09-18 17:32:41,547 INFO pipeline.backtest: backtest 2024/25 realistic/naive_last5 GW22: 31 pts (cap 2, 1 transfers, 0 hits, bank 4.4)
2026-09-18 17:32:41,763 INFO pipeline.backtest: backtest 2024/25 realistic/naive_last5 GW23: 58 pts (cap 7, 2 transfers, 1 hits, bank 0.3)
2026-09-18 17:32:41,992 INFO pipeline.backtest: backtest 2024/25 realistic/naive_last5 GW24: 112 pts (cap 29, 3 transfers, 2 hits, bank 3.2)
2026-09-18 17:32:42,156 INFO pipeline.backtest: backtest 2024/25 realistic/naive_last5 GW25: 83 pts (cap 20, 1 transfers, 0 hits, bank 2.4)
2026-09-18 17:32:42,317 INFO pipeline.backtest: backtest 2024/25 realistic/naive_last5 GW26: 72 pts (cap 14, 2 transfers, 1 hits, bank 2.5)
2026-09-18 17:32:42,489 INFO pipeline.backtest: backtest 2024/25 realistic/naive_last5 GW27: 53 pts (cap 6, 1 transfers, 0 hits, bank 3.1)
2026-09-18 17:32:42,662 INFO pipeline.backtest: backtest 2024/25 realistic/naive_last5 GW28: 57 pts (cap 15, 1 transfers, 0 hits, bank 6.1)
2026-09-18 17:32:42,818 INFO pipeline.backtest: backtest 2024/25 realistic/naive_last5 GW29: 23 pts (cap 2, 3 transfers, 2 hits, bank 8.0)
2026-09-18 17:32:42,986 INFO pipeline.backtest: backtest 2024/25 realistic/naive_last5 GW30: 47 pts (cap 3, 1 transfers, 0 hits, bank 4.6)
2026-09-18 17:32:43,147 INFO pipeline.backtest: backtest 2024/25 realistic/naive_last5 GW31: 33 pts (cap 2, 1 transfers, 0 hits, bank 3.4)
2026-09-18 17:32:43,342 INFO pipeline.backtest: backtest 2024/25 realistic/naive_last5 GW32: 62 pts (cap 7, 3 transfers, 2 hits, bank 10.1)
2026-09-18 17:32:43,514 INFO pipeline.backtest: backtest 2024/25 realistic/naive_last5 GW33: 42 pts (cap 3, 3 transfers, 2 hits, bank 13.7)
2026-09-18 17:32:43,671 INFO pipeline.backtest: backtest 2024/25 realistic/naive_last5 GW34: 52 pts (cap 6, 3 transfers, 2 hits, bank 16.2)
2026-09-18 17:32:43,898 INFO pipeline.backtest: backtest 2024/25 realistic/naive_last5 GW35: 32 pts (cap 1, 2 transfers, 1 hits, bank 17.7)
2026-09-18 17:32:44,061 INFO pipeline.backtest: backtest 2024/25 realistic/naive_last5 GW36: 57 pts (cap 5, 1 transfers, 0 hits, bank 16.8)
2026-09-18 17:32:44,287 INFO pipeline.backtest: backtest 2024/25 realistic/naive_last5 GW37: 49 pts (cap 6, 1 transfers, 0 hits, bank 17.4)
2026-09-18 17:32:44,455 INFO pipeline.backtest: backtest 2024/25 realistic/naive_last5 GW38: 36 pts (cap 3, 3 transfers, 2 hits, bank 17.1)

BACKTEST 2024/25 mode=realistic strategy=model: 2101 pts over GW2-38 (56.78/gw), captain 234, 43 transfers, 7 hits, 323 left on bench

BACKTEST 2024/25 mode=realistic strategy=naive_last5: 2090 pts over GW2-38 (56.49/gw), captain 304, 62 transfers, 26 hits, 330 left on bench
Your real 2024/25: 2327 pts (rank 1,207,883) over all 38 GWs
--- backtest errorlevel 0 
--- predict (all positions, next 5 GWs) 
2026-09-18 17:32:49,460 INFO pipeline.models.predict: predict: season=2026/27 as_of_gw=4 targets=[5, 6, 7, 8, 9]
Traceback (most recent call last):
  File "<frozen runpy>", line 203, in _run_module_as_main
  File "<frozen runpy>", line 88, in _run_code
  File "C:\Users\Manjit\Desktop\Vantage\pipeline\run_weekly.py", line 184, in <module>
    sys.exit(main())
             ~~~~^^
  File "C:\Users\Manjit\Desktop\Vantage\pipeline\run_weekly.py", line 173, in main
    cmd_predict(conn, args)
    ~~~~~~~~~~~^^^^^^^^^^^^
  File "C:\Users\Manjit\Desktop\Vantage\pipeline\run_weekly.py", line 76, in cmd_predict
    print(top[["web_name", "team", "price", "pred", "pred_low", "pred_high", "fdr", "is_home", "n_fixtures", "status", "chance_of_playing_next_round"]]
    ~~~~~^^^^^^^^^^^^^^^^^^^^^^^^^^^^^^^^^^^^^^^^^^^^^^^^^^^^^^^^^^^^^^^^^^^^^^^^^^^^^^^^^^^^^^^^^^^^^^^^^^^^^^^^^^^^^^^^^^^^^^^^^^^^^^^^^^^^^^^^^^^^^^
          .to_string(index=False))
          ^^^^^^^^^^^^^^^^^^^^^^^^
  File "C:\Users\Manjit\AppData\Local\Python\pythoncore-3.14-64\Lib\encodings\cp1252.py", line 19, in encode
    return codecs.charmap_encode(input,self.errors,encoding_table)[0]
           ~~~~~~~~~~~~~~~~~~~~~^^^^^^^^^^^^^^^^^^^^^^^^^^^^^^^^^^
UnicodeEncodeError: 'charmap' codec can't encode character '\u0107' in position 579: character maps to <undefined>
PREDICT OK: season=2026/27 as_of_gw=4 targets=[5, 6, 7, 8, 9] rows=3295 model=lgbm-v1

== top 8 GKP for GW5 ==
--- predict errorlevel 1 
=== done === 
