=== Phase 2 run 18/09/2026 16:55:01.54 === 
--- pytest 
.............s                                                           [100%]
13 passed, 1 skipped in 7.33s
--- reset-db 
schema reset
teams                    0
players                  0
fixtures                 0
player_gw_stats          0
user_squad               0
user_entry_state         0
understat_player_match   0
predictions              0
recommendations          0
model_runs               0
--- ingest (live season) 
2026-09-18 16:55:13,653 INFO pipeline.ingest.load: bootstrap ok: season=2026/27 current_gw=4 next_gw=5 | teams=0 players=0 fixtures=0 player_gw_stats=0 user_squad=0 entry_state=0 understat=0 free_transfers_now=None
2026-09-18 16:55:22,309 INFO pipeline.ingest.load: element-summary 100/659
2026-09-18 16:55:30,624 INFO pipeline.ingest.load: element-summary 200/659
2026-09-18 16:55:38,936 INFO pipeline.ingest.load: element-summary 300/659
2026-09-18 16:55:47,529 INFO pipeline.ingest.load: element-summary 400/659
2026-09-18 16:55:55,809 INFO pipeline.ingest.load: element-summary 500/659
2026-09-18 16:56:04,044 INFO pipeline.ingest.load: element-summary 600/659
2026-09-18 16:56:08,928 INFO pipeline.ingest.load: element-summary 659/659
INGEST OK: season=2026/27 current_gw=4 next_gw=5 | teams=20 players=659 fixtures=380 player_gw_stats=2549 user_squad=60 entry_state=4 understat=0 free_transfers_now=2
teams                    20
players                  659
fixtures                 380
player_gw_stats          2549
user_squad               60
user_entry_state         4
understat_player_match   0
predictions              0
recommendations          0
model_runs               0
--- ingest errorlevel 0 
--- history (2022-23 .. 2025-26) 
2026-09-18 16:56:11,751 INFO pipeline.ingest.history: history: fetching 2022-23
2026-09-18 16:56:15,265 INFO pipeline.ingest.history: history: 2022-23 -> 26505 player_gw_stats rows
2026-09-18 16:56:15,266 INFO pipeline.ingest.history: history: fetching 2023-24
2026-09-18 16:56:19,039 INFO pipeline.ingest.history: history: 2023-24 -> 29725 player_gw_stats rows
2026-09-18 16:56:19,039 INFO pipeline.ingest.history: history: fetching 2024-25
2026-09-18 16:56:22,693 INFO pipeline.ingest.history: history: 2024-25 -> 27605 player_gw_stats rows
2026-09-18 16:56:22,693 INFO pipeline.ingest.history: history: fetching 2025-26
2026-09-18 16:56:26,746 INFO pipeline.ingest.history: history: 2025-26 -> 29747 player_gw_stats rows
HISTORY OK: {'2022/23': 26505, '2023/24': 29725, '2024/25': 27605, '2025/26': 29747}
teams                    100
players                  659
fixtures                 1900
player_gw_stats          116131
user_squad               60
user_entry_state         4
understat_player_match   0
predictions              0
recommendations          0
model_runs               0
--- history errorlevel 0 
--- train MID (held-out 2025/26) 
training frame: 108870 rows, 96 features, seasons=['2022/23', '2023/24', '2024/25', '2025/26', '2026/27'], valid=2025/26

== MID (validated on 2025/26) ==
  MAE 0.957  (baselines: last-5 mean 1.028, season ppg 1.042, zero 1.191)
  MAE regular starters 2.130 vs last-5 baseline 2.492
  actual points of the model's top-10 each GW: 4.49 vs 3.86 for the last-5 baseline
  spearman 0.741  best_iteration 126  form-feature gain share 80%
  top features: ict_index_ewm=0.345, minutes_ewm=0.165, played_ewm=0.053, minutes_l3=0.051, n_fixtures=0.037, points_ewm=0.036, ict_index_l10=0.026, price=0.025, points_season_ppg=0.016, ict_index_l3=0.013, strength_diff=0.011, fdr=0.009
--- train errorlevel 0 
--- predict MID (next 5 GWs) 
2026-09-18 16:56:42,126 INFO pipeline.models.predict: predict: season=2026/27 as_of_gw=4 targets=[5, 6, 7, 8, 9]
PREDICT OK: season=2026/27 as_of_gw=4 targets=[5, 6, 7, 8, 9] rows=1475 model=lgbm-v1

== top 15 MID for GW5 ==
   web_name team  price  pred  pred_low  pred_high  fdr  is_home  n_fixtures status  chance_of_playing_next_round
       Saka  ARS    9.5  7.84      1.83      11.23  3.0      0.0           1      a                           NaN
B.Fernandes  MUN   12.0  7.21      2.00      10.95  3.0      0.0           1      a                           NaN
Gibbs-White  NFO    8.0  6.71      2.04       8.83  2.0      1.0           1      a                         100.0
    Semenyo  MCI    8.4  6.64      1.96       8.88  2.0      1.0           1      a                           NaN
     Rogers  CHE    7.7  5.60      1.80       8.37  3.0      0.0           1      a                           NaN
     Palmer  CHE    9.7  5.42      1.89       7.27  3.0      0.0           1      a                         100.0
      Stach  LEE    6.0  5.36      1.65       6.51  3.0      1.0           1      a                           NaN
     Mbeumo  MUN    7.9  5.16      1.98       8.93  3.0      0.0           1      a                           NaN
       Rice  ARS    7.4  4.99      1.71       7.59  3.0      0.0           1      a                           NaN
     McAtee  NFO    5.5  4.91      1.63       6.74  2.0      1.0           1      a                           NaN
   Anderson  MCI    6.3  4.83      1.14       5.96  2.0      1.0           1      a                         100.0
  Tavernier  BOU    6.1  4.73      1.66       5.96  4.0      1.0           1      a                           NaN
 Szoboszlai  LIV    7.0  4.71      1.92       8.58  3.0      0.0           1      a                           NaN
      Wirtz  LIV    7.3  4.66      1.52       8.09  3.0      0.0           1      a                           NaN
      Xhaka  SUN    5.5  4.62      1.77       5.17  5.0      0.0           1      a                           NaN

== MID: top 15 over GW5-9 (sum of predicted points) ==
   web_name position team  pts_5gw  weighted  price
       Saka      MID  ARS    32.97     19.86    9.5
B.Fernandes      MID  MUN    31.93     19.11   12.0
    Semenyo      MID  MCI    30.58     17.94    8.4
Gibbs-White      MID  NFO    25.83     15.76    8.0
       Rice      MID  ARS    24.34     14.23    7.4
      Xhaka      MID  SUN    24.31     13.94    5.5
     Palmer      MID  CHE    23.80     14.16    9.7
     Rogers      MID  CHE    23.30     14.06    7.7
      Stach      MID  LEE    23.20     13.77    6.0
      Wirtz      MID  LIV    22.86     13.27    7.3
   Anderson      MID  MCI    22.41     13.09    6.3
 Szoboszlai      MID  LIV    22.21     13.00    7.0
  Tavernier      MID  BOU    22.16     12.89    6.1
     McAtee      MID  NFO    22.11     13.05    5.5
     Mbeumo      MID  MUN    21.58     13.09    7.9
--- predict errorlevel 0 
=== done === 
