=== Phase 5 run 18/09/2026 17:51:36.50 === 
--- pytest 
................s........                                                [100%]
24 passed, 1 skipped in 3.94s
--- ingest --quick 
2026-09-18 17:51:43,201 INFO pipeline.ingest.load: bootstrap ok: season=2026/27 current_gw=4 next_gw=5 | teams=0 players=0 fixtures=0 player_gw_stats=0 user_squad=0 entry_state=0 understat=0 free_transfers_now=None
INGEST OK: season=2026/27 current_gw=4 next_gw=5 | teams=20 players=659 fixtures=380 player_gw_stats=0 user_squad=60 entry_state=4 understat=0 free_transfers_now=2
teams                    100
players                  659
fixtures                 1900
player_gw_stats          116131
user_squad               60
user_entry_state         4
understat_player_match   0
predictions              3295
recommendations          1
model_runs               22
--- predict 
2026-09-18 17:51:48,880 INFO pipeline.models.predict: predict: season=2026/27 as_of_gw=4 targets=[5, 6, 7, 8, 9]
PREDICT OK: season=2026/27 as_of_gw=4 targets=[5, 6, 7, 8, 9] rows=3295 model=lgbm-v1

== top 5 GKP for GW5 ==
  web_name team  price  pred  pred_low  pred_high  fdr  is_home  n_fixtures status  chance_of_playing_next_round
  Trafford  LEE    5.0  4.59      1.23       5.96  3.0      1.0           1      a                           NaN
      Sels  NFO    5.0  4.04      2.01       5.76  2.0      1.0           1      a                           NaN
  Tzolakis  HUL    4.6  3.77      1.28       5.52  3.0      0.0           1      a                           NaN
Verbruggen  BHA    4.5  3.68      1.35       5.29  4.0      1.0           1      a                           NaN
  Petrović  BOU    4.5  3.64      1.26       5.23  4.0      1.0           1      a                           NaN

== top 5 DEF for GW5 ==
 web_name team  price  pred  pred_low  pred_high  fdr  is_home  n_fixtures status  chance_of_playing_next_round
 Khalaili  CRY    5.0  6.18      0.74       6.18  3.0      0.0           1      a                           NaN
Tarkowski  EVE    6.1  5.86      1.08       7.74  2.0      1.0           1      a                           NaN
  Gabriel  ARS    8.0  5.35      1.14       7.34  3.0      0.0           1      a                           NaN
   Virgil  LIV    6.5  4.84      1.06       7.38  3.0      0.0           1      a                           NaN
De Cuyper  BHA    4.9  4.80      0.61       5.38  4.0      1.0           1      a                           NaN

== top 5 MID for GW5 ==
   web_name team  price  pred  pred_low  pred_high  fdr  is_home  n_fixtures status  chance_of_playing_next_round
       Saka  ARS    9.5  7.84      1.83      11.23  3.0      0.0           1      a                           NaN
B.Fernandes  MUN   12.0  7.21      2.00      10.95  3.0      0.0           1      a                           NaN
Gibbs-White  NFO    8.0  6.71      2.04       8.83  2.0      1.0           1      a                         100.0
    Semenyo  MCI    8.4  6.64      1.96       8.88  2.0      1.0           1      a                           NaN
     Rogers  CHE    7.7  5.60      1.80       8.37  3.0      0.0           1      a                           NaN

== top 5 FWD for GW5 ==
     web_name team  price  pred  pred_low  pred_high  fdr  is_home  n_fixtures status  chance_of_playing_next_round
      Haaland  MCI   15.6  7.45      1.94      11.30  2.0      1.0           1      a                           NaN
Calvert-Lewin  LEE    6.0  5.00      1.43       7.99  3.0      1.0           1      a                           NaN
        Wissa  NEW    6.2  4.77      1.80       6.87  2.0      1.0           1      a                           NaN
         Isak  LIV    9.1  4.41      1.49       6.31  3.0      0.0           1      a                           NaN
      Havertz  ARS    7.6  4.41      1.52       4.81  3.0      0.0           1      a                           NaN

== GKP: top 5 over GW5-9 (sum of predicted points) ==
  web_name position team  pts_5gw  weighted  price
  Petrović      GKP  BOU    20.54     11.58    4.5
      Sels      GKP  NFO    20.47     11.81    5.0
  Trafford      GKP  LEE    20.41     12.10    5.0
Verbruggen      GKP  BHA    20.36     11.70    4.5
  Tzolakis      GKP  HUL    19.66     11.28    4.6

== DEF: top 5 over GW5-9 (sum of predicted points) ==
 web_name position team  pts_5gw  weighted  price
 Khalaili      DEF  CRY    30.09     17.50    5.0
  Mukiele      DEF  SUN    28.04     15.41    5.4
Tarkowski      DEF  EVE    27.78     16.53    6.1
  Gabriel      DEF  ARS    26.76     15.70    8.0
De Cuyper      DEF  BHA    26.14     15.43    4.9

== MID: top 5 over GW5-9 (sum of predicted points) ==
   web_name position team  pts_5gw  weighted  price
       Saka      MID  ARS    32.97     19.86    9.5
B.Fernandes      MID  MUN    31.93     19.11   12.0
    Semenyo      MID  MCI    30.58     17.94    8.4
Gibbs-White      MID  NFO    25.83     15.76    8.0
       Rice      MID  ARS    24.34     14.23    7.4

== FWD: top 5 over GW5-9 (sum of predicted points) ==
     web_name position team  pts_5gw  weighted  price
      Haaland      FWD  MCI    37.24     21.43   15.6
      Havertz      FWD  ARS    25.26     14.54    7.6
     McBurnie      FWD  HUL    23.47     13.29    5.5
         Isak      FWD  LIV    23.42     13.39    9.1
Calvert-Lewin      FWD  LEE    22.86     13.35    6.0
--- predict errorlevel 0 
--- recommend 
=== Recommendation for GW5 (predictions as of GW4; horizon GW5-9) ===
Transfers (2, 0 hits = -0 pts):
  OUT Shaw             (4.4)  ->  IN Khalaili         (5.0)   horizon gain +15.0
  OUT Tzolis           (6.4)  ->  IN Xhaka            (5.5)   horizon gain +5.8
Expected XI points GW5: 63.1  (gain vs no transfers over horizon: +17.3)
Captain: Haaland (7.5, q20 1.9 / q80 11.3)   Vice: B.Fernandes (7.2)   risk appetite -0.19
Bank after: 0.3m   Free transfers left: 0
Starting XI:
  GKP: Raya 3.2
  DEF: Khalaili 6.2, Egan 4.5, Calafiori 4.5
  MID: B.Fernandes 7.2 (V), Mbeumo 5.2, Szoboszlai 4.7, Xhaka 4.6, Slater 3.8
  FWD: Haaland 7.5 (C), Wissa 4.8
Bench: 1. Dubravka 0.2, 2. Justin 3.7, 3. João Pedro 3.4, 4. O'Shea 2.4
Chips (planning only; you activate them yourself):
  Bench Boost    hold (best GW8 +10.6, threshold 12.0)   [GW5: +9.7, GW6: +10.4, GW7: +8.8, GW8: +10.6, GW9: +10.3]
  Triple Captain hold (best GW9 +8.1, threshold 7.0)   [GW5: +7.5, GW6: +6.9, GW7: +8.0, GW8: +6.8, GW9: +8.1]
  Free Hit       hold (best GW6 +10.7, threshold 12.0)   [GW5: +10.4, GW6: +10.7, GW7: +9.4, GW8: +7.6, GW9: +9.5]
  Wildcard       USE NOW (+26.7 >= 15.0)   [GW5: +26.7, GW6: +25.7, GW7: +17.8, GW8: +13.1, GW9: +7.6]
  >>> Chip recommended THIS gameweek: Wildcard
note: Mbeumo is protected (status 'a') and locked into the squad.
note: captaincy shaded towards the q20 floor (protecting rank): overall rank 2,513,299 of 10,866,727
Nothing has been submitted to FPL. Apply these yourself if you agree.
--- recommend errorlevel 0 
=== done === 
