2026-09-18 17:36:35,840 INFO pipeline.models.predict: predict: season=2026/27 as_of_gw=4 targets=[5, 6, 7, 8, 9]
PREDICT OK: season=2026/27 as_of_gw=4 targets=[5, 6, 7, 8, 9] rows=3295 model=lgbm-v1

== top 8 GKP for GW5 ==
  web_name team  price  pred  pred_low  pred_high  fdr  is_home  n_fixtures status  chance_of_playing_next_round
  Trafford  LEE    5.0  4.59      1.23       5.96  3.0      1.0           1      a                           NaN
      Sels  NFO    5.0  4.04      2.01       5.76  2.0      1.0           1      a                           NaN
  Tzolakis  HUL    4.6  3.77      1.28       5.52  3.0      0.0           1      a                           NaN
Verbruggen  BHA    4.5  3.68      1.35       5.29  4.0      1.0           1      a                           NaN
  Petrović  BOU    4.5  3.64      1.26       5.23  4.0      1.0           1      a                           NaN
  A.Becker  LIV    5.5  3.58      1.60       5.48  3.0      0.0           1      a                           NaN
  Pickford  EVE    5.5  3.53      1.76       5.02  2.0      1.0           1      a                           NaN
      Raya  ARS    6.0  3.24      1.11       6.03  3.0      0.0           1      a                           NaN

== top 8 DEF for GW5 ==
 web_name team  price  pred  pred_low  pred_high  fdr  is_home  n_fixtures status  chance_of_playing_next_round
 Khalaili  CRY    5.0  6.18      0.74       6.18  3.0      0.0           1      a                           NaN
Tarkowski  EVE    6.1  5.86      1.08       7.74  2.0      1.0           1      a                           NaN
  Gabriel  ARS    8.0  5.35      1.14       7.34  3.0      0.0           1      a                           NaN
   Virgil  LIV    6.5  4.84      1.06       7.38  3.0      0.0           1      a                           NaN
De Cuyper  BHA    4.9  4.80      0.61       5.38  4.0      1.0           1      a                           NaN
  Murillo  NFO    5.5  4.70      1.04       7.22  2.0      1.0           1      a                         100.0
    Guéhi  MCI    6.0  4.68      1.17       7.08  2.0      1.0           1      a                           NaN
     Egan  HUL    4.1  4.54      1.06       5.49  3.0      0.0           1      a                           NaN

== top 8 MID for GW5 ==
   web_name team  price  pred  pred_low  pred_high  fdr  is_home  n_fixtures status  chance_of_playing_next_round
       Saka  ARS    9.5  7.84      1.83      11.23  3.0      0.0           1      a                           NaN
B.Fernandes  MUN   12.0  7.21      2.00      10.95  3.0      0.0           1      a                           NaN
Gibbs-White  NFO    8.0  6.71      2.04       8.83  2.0      1.0           1      a                         100.0
    Semenyo  MCI    8.4  6.64      1.96       8.88  2.0      1.0           1      a                           NaN
     Rogers  CHE    7.7  5.60      1.80       8.37  3.0      0.0           1      a                           NaN
     Palmer  CHE    9.7  5.42      1.89       7.27  3.0      0.0           1      a                         100.0
      Stach  LEE    6.0  5.36      1.65       6.51  3.0      1.0           1      a                           NaN
     Mbeumo  MUN    7.9  5.16      1.98       8.93  3.0      0.0           1      a                           NaN

== top 8 FWD for GW5 ==
     web_name team  price  pred  pred_low  pred_high  fdr  is_home  n_fixtures status  chance_of_playing_next_round
      Haaland  MCI   15.6  7.45      1.94      11.30  2.0      1.0           1      a                           NaN
Calvert-Lewin  LEE    6.0  5.00      1.43       7.99  3.0      1.0           1      a                           NaN
        Wissa  NEW    6.2  4.77      1.80       6.87  2.0      1.0           1      a                           NaN
         Isak  LIV    9.1  4.41      1.49       6.31  3.0      0.0           1      a                           NaN
      Havertz  ARS    7.6  4.41      1.52       4.81  3.0      0.0           1      a                           NaN
    Kostoulas  BHA    5.5  4.32      1.49       5.14  4.0      1.0           1      a                           NaN
     McBurnie  HUL    5.5  4.20      1.21       4.81  3.0      0.0           1      a                           NaN
       Thiago  BRE    7.8  4.04      1.16       7.42  4.0      1.0           1      a                           NaN

== GKP: top 8 over GW5-9 (sum of predicted points) ==
  web_name position team  pts_5gw  weighted  price
  Petrović      GKP  BOU    20.54     11.58    4.5
      Sels      GKP  NFO    20.47     11.81    5.0
  Trafford      GKP  LEE    20.41     12.10    5.0
Verbruggen      GKP  BHA    20.36     11.70    4.5
  Tzolakis      GKP  HUL    19.66     11.28    4.6
  Pickford      GKP  EVE    18.54     10.69    5.5
      Leno      GKP  FUL    18.39     10.47    4.5
  A.Becker      GKP  LIV    17.96     10.40    5.5

== DEF: top 8 over GW5-9 (sum of predicted points) ==
 web_name position team  pts_5gw  weighted  price
 Khalaili      DEF  CRY    30.09     17.50    5.0
  Mukiele      DEF  SUN    28.04     15.41    5.4
Tarkowski      DEF  EVE    27.78     16.53    6.1
  Gabriel      DEF  ARS    26.76     15.70    8.0
De Cuyper      DEF  BHA    26.14     15.43    4.9
     Egan      DEF  HUL    25.19     14.21    4.1
    Guéhi      DEF  MCI    22.67     13.08    6.0
   Virgil      DEF  LIV    21.97     12.92    6.5

== MID: top 8 over GW5-9 (sum of predicted points) ==
   web_name position team  pts_5gw  weighted  price
       Saka      MID  ARS    32.97     19.86    9.5
B.Fernandes      MID  MUN    31.93     19.11   12.0
    Semenyo      MID  MCI    30.58     17.94    8.4
Gibbs-White      MID  NFO    25.83     15.76    8.0
       Rice      MID  ARS    24.34     14.23    7.4
      Xhaka      MID  SUN    24.31     13.94    5.5
     Palmer      MID  CHE    23.80     14.16    9.7
     Rogers      MID  CHE    23.30     14.06    7.7

== FWD: top 8 over GW5-9 (sum of predicted points) ==
     web_name position team  pts_5gw  weighted  price
      Haaland      FWD  MCI    37.24     21.43   15.6
      Havertz      FWD  ARS    25.26     14.54    7.6
     McBurnie      FWD  HUL    23.47     13.29    5.5
         Isak      FWD  LIV    23.42     13.39    9.1
Calvert-Lewin      FWD  LEE    22.86     13.35    6.0
      Gonzalo      FWD  FUL    22.25     12.80    6.0
   João Pedro      FWD  CHE    22.22     12.42    7.8
    Kostoulas      FWD  BHA    21.58     12.51    5.5
